// Jest Snapshot v1, https://goo.gl/fbAQLP

exports[`Button renders correctly 1`] = `
<div
  className="elementContainer"
>
  <button
    className="button"
    type="button"
  >
    Button Text
  </button>
</div>
`;
