// Jest Snapshot v1, https://goo.gl/fbAQLP

exports[`Icon renders error correctly 1`] = `"<Icon type=\\"error\\" />"`;

exports[`Icon renders info correctly 1`] = `"<Icon type=\\"info\\" />"`;

exports[`Icon renders warn correctly 1`] = `"<Icon type=\\"warn\\" />"`;
