// Jest Snapshot v1, https://goo.gl/fbAQLP

exports[`Video renders correctly 1`] = `
<section
  className="videoSection"
>
  Video
</section>
`;
