// Jest Snapshot v1, https://goo.gl/fbAQLP

exports[`Header renders correctly 1`] = `
<div
  style={
    Object {
      "background": "rebeccapurple",
      "marginBottom": "1.45rem",
    }
  }
>
  <div
    style={
      Object {
        "display": "flex",
        "justifyContent": "flex-end",
        "margin": "0 auto",
        "maxWidth": 960,
        "padding": "1.45rem 1.0875rem",
      }
    }
  >
    <h1
      style={
        Object {
          "fontSize": "18px",
          "margin": 0,
        }
      }
    >
      <Link
        style={
          Object {
            "color": "white",
            "textDecoration": "none",
          }
        }
        to="/"
      />
    </h1>
    <div>
      <button
        className="navLink"
        id="nav-link"
        onClick={[Function]}
      >
        â˜°
      </button>
      <nav
        className="menu"
        id="menu"
      >
        <ul>
          <li>
            <Link
              to="/"
            >
              Menu Entry 1
            </Link>
          </li>
          <li>
            <Link
              to="/"
            >
              Menu Entry 2
            </Link>
          </li>
          <li>
            <Link
              to="/"
            >
              Menu Entry 3
            </Link>
          </li>
          <li>
            <Link
              to="/"
            >
              Menu Entry 4
            </Link>
          </li>
          <li>
            <Link
              to="/"
            >
              Menu Entry 5
            </Link>
          </li>
          <li>
            <Link
              to="/"
            >
              Menu Entry 6
            </Link>
          </li>
        </ul>
      </nav>
    </div>
  </div>
</div>
`;
