// Jest Snapshot v1, https://goo.gl/fbAQLP

exports[`Icon renders correctly 1`] = `
<svg
  xmlns="http://www.w3.org/2000/svg"
  xmlnsXlink="http://www.w3.org/1999/xlink"
>
  <path />
</svg>
`;
