// Jest Snapshot v1, https://goo.gl/fbAQLP

exports[`Footer renders correctly 1`] = `
<div
  className="footerContainer"
>
  <footer>
    <div
      className="brand"
    >
      Gatsby Theme Untied
    </div>
    <div
      className="copyright"
    >
      Â© 2018
    </div>
  </footer>
</div>
`;
