// Jest Snapshot v1, https://goo.gl/fbAQLP

exports[`Hero renders correctly 1`] = `
<section
  className="heroSection"
>
  <div
    className="background"
  >
    <div
      className=" gatsby-image-wrapper"
      style={
        Object {
          "height": "100%",
          "overflow": "hidden",
          "position": "relative",
        }
      }
    >
      <div
        style={
          Object {
            "paddingBottom": "100%",
            "width": "100%",
          }
        }
      />
      <img
        alt=""
        src="String"
        style={
          Object {
            "height": "100%",
            "left": 0,
            "objectFit": "cover",
            "objectPosition": "center",
            "opacity": 1,
            "position": "absolute",
            "top": 0,
            "transition": "opacity 0.5s",
            "transitionDelay": "0.25s",
            "width": "100%",
          }
        }
      />
      <picture>
        <img
          alt=""
          onLoad={[Function]}
          sizes="(max-width: 4928px) 100vw, 4928px"
          src="image.jpg"
          srcSet="srcSet.image.jpg"
          style={
            Object {
              "height": "100%",
              "left": 0,
              "objectFit": "cover",
              "objectPosition": "center",
              "opacity": 0,
              "position": "absolute",
              "top": 0,
              "transition": "opacity 0.5s",
              "width": "100%",
            }
          }
        />
      </picture>
      <noscript
        dangerouslySetInnerHTML={
          Object {
            "__html": "<picture><img sizes=\\"(max-width: 4928px) 100vw, 4928px\\" srcset=\\"srcSet.image.jpg\\" src=\\"image.jpg\\" alt=\\"\\" style=\\"position:absolute;top:0;left:0;transition:opacity 0.5s;transition-delay:0.5s;opacity:1;width:100%;height:100%;object-fit:cover;object-position:center\\"/></picture>",
          }
        }
      />
    </div>
  </div>
  <div
    className="info"
  >
    <h2>
      Title
    </h2>
    <p>
      Body
    </p>
    <div>
      <button
        className="button"
      >
        <Link
          to="/"
        >
          <span
            className="text"
          >
            Text
          </span>
        </Link>
      </button>
    </div>
  </div>
</section>
`;
