// Jest Snapshot v1, https://goo.gl/fbAQLP

exports[`Hero renders correctly 1`] = `
<section
  className="css-aq4zmd"
>
  <div
    className="css-ez4mp1"
  >
    <div
      className=" gatsby-image-wrapper"
      style={
        Object {
          "height": "100%",
          "overflow": "hidden",
          "position": "relative",
        }
      }
    >
      <div
        style={
          Object {
            "paddingBottom": "100%",
            "width": "100%",
          }
        }
      />
      <img
        alt=""
        src="String"
        style={
          Object {
            "height": "100%",
            "left": 0,
            "objectFit": "cover",
            "objectPosition": "center",
            "opacity": 1,
            "position": "absolute",
            "top": 0,
            "transitionDelay": "500ms",
            "width": "100%",
          }
        }
      />
      <picture>
        <source
          sizes="(max-width: 4928px) 100vw, 4928px"
          srcSet="srcSet.image.jpg"
        />
        <img
          alt=""
          loading="lazy"
          onLoad={[Function]}
          sizes="(max-width: 4928px) 100vw, 4928px"
          src="image.jpg"
          srcSet="srcSet.image.jpg"
          style={
            Object {
              "height": "100%",
              "left": 0,
              "objectFit": "cover",
              "objectPosition": "center",
              "opacity": 0,
              "position": "absolute",
              "top": 0,
              "transition": "opacity 500ms",
              "width": "100%",
            }
          }
        />
      </picture>
      <noscript
        dangerouslySetInnerHTML={
          Object {
            "__html": "<picture><source srcset=\\"srcSet.image.jpg\\" sizes=\\"(max-width: 4928px) 100vw, 4928px\\" /><img loading=\\"lazy\\" sizes=\\"(max-width: 4928px) 100vw, 4928px\\" srcset=\\"srcSet.image.jpg\\" src=\\"image.jpg\\" alt=\\"\\" style=\\"position:absolute;top:0;left:0;opacity:1;width:100%;height:100%;object-fit:cover;object-position:center\\"/></picture>",
          }
        }
      />
    </div>
  </div>
  <div
    className="css-amhm6e"
  >
    <h2
      className="css-1lvwiam"
    >
      Title
    </h2>
    <p
      className="css-1qxtz39"
    >
      Body
    </p>
    <div>
      <button
        className="css-0"
      >
        <Link
          className="css-0"
          to="/"
        >
          <span
            className="css-drzs1b"
          >
            Text
          </span>
        </Link>
      </button>
    </div>
  </div>
</section>
`;
