// Jest Snapshot v1, https://goo.gl/fbAQLP

exports[`Forms renders correctly 1`] = `
<section
  className="formsSection"
>
  Forms
</section>
`;
