// Jest Snapshot v1, https://goo.gl/fbAQLP

exports[`Input renders correctly 1`] = `
<div
  className="elementContainer"
>
  <input
    className="element"
    name="Name"
    type="text"
  />
  <span
    className="afterFormElement"
  />
</div>
`;
