// Jest Snapshot v1, https://goo.gl/fbAQLP

exports[`Select renders correctly 1`] = `
<div
  className="selectBox"
>
  <select
    className="element"
    name="Select"
  >
    <option
      value=""
    />
  </select>
  <span
    className="afterFormElement"
  />
</div>
`;
