// Jest Snapshot v1, https://goo.gl/fbAQLP

exports[`Footer renders correctly 1`] = `
<footer
  style={
    Object {
      "background": "rebeccapurple",
      "color": "#fff",
      "padding": "1.45rem 1.0875rem",
      "textAlign": "right",
    }
  }
>
  <span
    style={
      Object {
        "fontSize": "12px",
      }
    }
  >
    Â© 2018
  </span>
</footer>
`;
