// Jest Snapshot v1, https://goo.gl/fbAQLP

exports[`Testimonial renders correctly 1`] = `
<section
  className="testimonialSection"
>
  Testimonial
</section>
`;
